<?xml version="1.0" encoding="utf-8"?><testsuites name="pytest tests"><testsuite name="pytest" errors="0" failures="0" skipped="0" tests="75" time="17.776" timestamp="2025-09-02T21:29:49.336409+08:00" hostname="LAPTOP-5RV698CO"><testcase classname="hospital.tests.test_views" name="test_home_view_authenticated" time="0.914" /><testcase classname="hospital.tests.test_views" name="test_adminclick_view_authenticated" time="0.118" /><testcase classname="hospital.tests.test_views" name="test_doctorclick_view_authenticated" time="0.108" /><testcase classname="hospital.tests.test_views" name="test_patientclick_view_authenticated" time="0.212" /><testcase classname="hospital.tests.test_views" name="test_admin_signup_view_post" time="0.118" /><testcase classname="hospital.tests.test_views" name="test_doctor_signup_view_post" time="0.006" /><testcase classname="hospital.tests.test_views" name="test_patient_signup_view_get" time="0.071" /><testcase classname="hospital.tests.test_views" name="test_patient_signup_view_post" time="0.217" /><testcase classname="hospital.tests.test_views" name="test_is_admin" time="0.144" /><testcase classname="hospital.tests.test_views" name="test_is_doctor" time="0.120" /><testcase classname="hospital.tests.test_views" name="test_is_patient" time="0.221" /><testcase classname="hospital.tests.test_views" name="test_is_admin_false" time="0.101" /><testcase classname="hospital.tests.test_views" name="test_is_doctor_false" time="0.098" /><testcase classname="hospital.tests.test_views" name="test_is_patient_false" time="0.100" /><testcase classname="hospital.tests.test_views" name="test_afterlogin_view_admin" time="0.119" /><testcase classname="hospital.tests.test_views" name="test_afterlogin_view_doctor" time="0.130" /><testcase classname="hospital.tests.test_views" name="test_afterlogin_view_patient" time="0.212" /><testcase classname="hospital.tests.test_views" name="test_admin_dashboard_view" time="0.118" /><testcase classname="hospital.tests.test_views" name="test_admin_doctor_view" time="0.129" /><testcase classname="hospital.tests.test_views" name="test_admin_view_doctor_view" time="0.224" /><testcase classname="hospital.tests.test_views" name="test_delete_doctor_from_hospital_view" time="0.229" /><testcase classname="hospital.tests.test_views" name="test_update_doctor_view_get" time="0.230" /><testcase classname="hospital.tests.test_views" name="test_admin_add_doctor_view_get" time="0.114" /><testcase classname="hospital.tests.test_views" name="test_update_doctor_view_post" time="0.332" /><testcase classname="hospital.tests.test_views" name="test_admin_add_doctor_view_post" time="0.305" /><testcase classname="hospital.tests.test_views" name="test_admin_approve_doctor_view" time="0.215" /><testcase classname="hospital.tests.test_views" name="test_approve_doctor_view" time="0.229" /><testcase classname="hospital.tests.test_views" name="test_reject_doctor_view" time="0.241" /><testcase classname="hospital.tests.test_views" name="test_admin_view_doctor_specialisation_view" time="0.265" /><testcase classname="hospital.tests.test_views" name="test_admin_patient_view" time="0.128" /><testcase classname="hospital.tests.test_views" name="test_admin_view_patient_view" time="0.228" /><testcase classname="hospital.tests.test_views" name="test_delete_patient_from_hospital_view" time="0.327" /><testcase classname="hospital.tests.test_views" name="test_update_patient_view_get" time="0.349" /><testcase classname="hospital.tests.test_views" name="test_update_patient_view_post" time="0.441" /><testcase classname="hospital.tests.test_views" name="test_admin_add_patient_view_get" time="0.142" /><testcase classname="hospital.tests.test_views" name="test_admin_add_patient_view_post" time="0.321" /><testcase classname="hospital.tests.test_views" name="test_admin_approve_patient_view" time="0.239" /><testcase classname="hospital.tests.test_views" name="test_reject_patient_view" time="0.316" /><testcase classname="hospital.tests.test_views" name="test_admin_view_appointment_view" time="0.348" /><testcase classname="hospital.tests.test_views" name="test_admin_discharge_patient_view" time="0.327" /><testcase classname="hospital.tests.test_views" name="test_discharge_patient_view_get" time="0.320" /><testcase classname="hospital.tests.test_views" name="test_discharge_patient_view_post" time="0.341" /><testcase classname="hospital.tests.test_views" name="test_render_to_pdf_and_download_pdf_view" time="0.454" /><testcase classname="hospital.tests.test_views" name="test_admin_appointment_view" time="0.128" /><testcase classname="hospital.tests.test_views" name="test_admin_add_appointment_view_get" time="0.111" /><testcase classname="hospital.tests.test_views" name="test_admin_add_appointment_view_post" time="0.334" /><testcase classname="hospital.tests.test_views" name="test_admin_approve_appointment_view" time="0.320" /><testcase classname="hospital.tests.test_views" name="test_approve_appointment_view" time="0.319" /><testcase classname="hospital.tests.test_views" name="test_reject_appointment_view" time="0.328" /><testcase classname="hospital.tests.test_views" name="test_doctor_dashboard_view" time="0.241" /><testcase classname="hospital.tests.test_views" name="test_doctor_patient_view" time="0.112" /><testcase classname="hospital.tests.test_views" name="test_doctor_view_patient_view" time="0.236" /><testcase classname="hospital.tests.test_views" name="test_search_view" time="0.234" /><testcase classname="hospital.tests.test_views" name="test_doctor_view_discharge_patient_view" time="0.230" /><testcase classname="hospital.tests.test_views" name="test_doctor_appointment_view" time="0.114" /><testcase classname="hospital.tests.test_views" name="test_doctor_view_appointment_view" time="0.129" /><testcase classname="hospital.tests.test_views" name="test_doctor_delete_appointment_view" time="0.111" /><testcase classname="hospital.tests.test_views" name="test_delete_appointment_view" time="0.235" /><testcase classname="hospital.tests.test_views" name="test_patient_dashboard_view" time="0.227" /><testcase classname="hospital.tests.test_views" name="test_patient_appointment_view" time="0.222" /><testcase classname="hospital.tests.test_views" name="test_patient_book_appointment_view_get" time="0.237" /><testcase classname="hospital.tests.test_views" name="test_patient_book_appointment_view_post" time="0.227" /><testcase classname="hospital.tests.test_views" name="test_patient_view_doctor_view" time="0.227" /><testcase classname="hospital.tests.test_views" name="test_search_doctor_view" time="0.217" /><testcase classname="hospital.tests.test_views" name="test_patient_view_appointment_view" time="0.218" /><testcase classname="hospital.tests.test_views" name="test_patient_discharge_view" time="0.216" /><testcase classname="hospital.tests.test_views" name="test_home_view_unauthenticated" time="0.005" /><testcase classname="hospital.tests.test_views" name="test_adminclick_view_unauthenticated" time="0.019" /><testcase classname="hospital.tests.test_views" name="test_doctorclick_view_unauthenticated" time="0.004" /><testcase classname="hospital.tests.test_views" name="test_patientclick_view_unauthenticated" time="0.004" /><testcase classname="hospital.tests.test_views" name="test_admin_signup_view_get" time="0.008" /><testcase classname="hospital.tests.test_views" name="test_doctor_signup_view_get" time="0.013" /><testcase classname="hospital.tests.test_views" name="test_aboutus_view" time="0.005" /><testcase classname="hospital.tests.test_views" name="test_contactus_view_get" time="0.007" /><testcase classname="hospital.tests.test_views" name="test_contactus_view_post" time="0.031" /></testsuite></testsuites>